<html>
<body>
<pre>
<h1>礦ision Build Log</h1>
<h2>Tool Versions:</h2>
IDE-Version: μVision V5.24.2.0
Copyright (C) 2017 ARM Ltd and ARM Germany GmbH. All rights reserved.
License Information: 1 Administrator, 1, LIC=JL28G-VVZHB-9UU4U-SIJ2I-1DVAL-GEKCE
 
Tool Versions:
Toolchain:       MDK-ARM Plus  Version: 5.24.1
Toolchain Path:  E:\study\STM32\Keil\ARM\ARMCC\Bin
C Compiler:      Armcc.exe V5.06 update 5 (build 528)
Assembler:       Armasm.exe V5.06 update 5 (build 528)
Linker/Locator:  ArmLink.exe V5.06 update 5 (build 528)
Library Manager: ArmAr.exe V5.06 update 5 (build 528)
Hex Converter:   FromElf.exe V5.06 update 5 (build 528)
CPU DLL:         SARMCM3.DLL V5.24.1
Dialog DLL:      DCM.DLL V1.16.0.0
Target DLL:      Segger\JL2CM3.dll V2.99.26.0
Dialog DLL:      TCM.DLL V1.32.0.0
 
<h2>Project:</h2>
E:\study\STM32\RTOS_KEY_LED\MDK-ARM\RTOS_KEY_LED.uvprojx
Project File Date:  06/18/2024

<h2>Output:</h2>
*** Using Compiler 'V5.06 update 5 (build 528)', folder: 'E:\study\STM32\Keil\ARM\ARMCC\Bin'
Build target 'RTOS_KEY_LED'
compiling freertos.c...
../Core/Src/freertos.c(130): warning:  #188-D: enumerated type mixed with another type
      HAL_GPIO_WritePin(
PIOF, 
PIO_PIN_9 | 
PIO_PIN_10, SET); // 熄灭两个灯泡
../Core/Src/freertos.c(132): warning:  #188-D: enumerated type mixed with another type
      HAL_GPIO_WritePin(
PIOF, 
PIO_PIN_9 | 
PIO_PIN_10, RESET); // 点亮两个灯泡
../Core/Src/freertos.c(135): warning:  #188-D: enumerated type mixed with another type
    HAL_GPIO_WritePin(
PIOF, 
PIO_PIN_9 | 
PIO_PIN_10, SET); // 熄灭两个灯泡
../Core/Src/freertos.c(151): warning:  #188-D: enumerated type mixed with another type
            HAL_GPIO_WritePin(
PIOF, 
PIO_PIN_9 | 
PIO_PIN_10, RESET); // 点亮两个灯泡
../Core/Src/freertos.c(168): warning:  #188-D: enumerated type mixed with another type
                  HAL_GPIO_WritePin(
PIOF, 
PIO_PIN_9 | 
PIO_PIN_10, SET); // 熄灭两个灯泡
../Core/Src/freertos.c(170): warning:  #188-D: enumerated type mixed with another type
                  HAL_GPIO_WritePin(
PIOF, 
PIO_PIN_9 | 
PIO_PIN_10, RESET); // 点亮两个灯泡
../Core/Src/freertos.c(180): warning:  #188-D: enumerated type mixed with another type
              HAL_GPIO_WritePin(
PIOF, 
PIO_PIN_9 | 
PIO_PIN_10, SET); // 熄灭两个灯泡
../Core/Src/freertos.c(181): warning:  #188-D: enumerated type mixed with another type
              HAL_GPIO_WritePin(
PIOF, 
PIO_PIN_9, RESET);             // 点亮一个
../Core/Src/freertos.c(193): warning:  #188-D: enumerated type mixed with another type
  	HAL_GPIO_WritePin(
PIOF, 
PIO_PIN_9 | 
PIO_PIN_10, SET); // 熄灭两个灯泡
../Core/Src/freertos.c: 9 warnings, 0 errors
linking...
Program Size: Code=7452 RO-data=488 RW-data=128 ZI-data=17904  
FromELF: creating hex file...
"RTOS_KEY_LED\RTOS_KEY_LED.axf" - 0 Error(s), 9 Warning(s).

<h2>Software Packages used:</h2>

Package Vendor: ARM
                http://www.keil.com/pack/ARM.CMSIS.5.0.1.pack
                ARM.CMSIS.5.0.1
                CMSIS (Cortex Microcontroller Software Interface Standard)
   * Component: CORE Version: 5.0.1

Package Vendor: Keil
                https://www.keil.com/pack/Keil.STM32F4xx_DFP.2.17.1.pack
                Keil.STM32F4xx_DFP.2.17.1
                STMicroelectronics STM32F4 Series Device Support, Drivers and Examples

<h2>Collection of Component include folders:</h2>
  .\RTE\_RTOS_KEY_LED
  E:\study\STM32\Keil\ARM\PACK\ARM\CMSIS\5.0.1\CMSIS\Include
  E:\study\STM32\Keil\ARM\PACK\Keil\STM32F4xx_DFP\2.17.1\Drivers\CMSIS\Device\ST\STM32F4xx\Include

<h2>Collection of Component Files used:</h2>

   * Component: ARM::CMSIS:CORE:5.0.1
Build Time Elapsed:  00:00:02
</pre>
</body>
</html>
